1. THE TABLE IS A DICT OF INTEGERS
     str.maketrans('abc', 'xyz')      {97: 120, 98: 121, 99: 122}
     type                             dict

     97 is ord('a') and 120 is ord('x'). Both sides are ordinals:
     the two-argument form never stores a character at all.

     Written out by hand, the same table is:
       {ord('a'): ord('x'), ord('b'): ord('y'), ord('c'): ord('z')}
     That is the whole reason maketrans exists.

     Three ways to build one, and what each returns:
       maketrans('abc', 'xyz')         {97: 120, 98: 121, 99: 122}
       maketrans('abc', 'xyz', 'Q!')   {97: 120, 98: 121, 99: 122, 81: None, 33: None}
       maketrans({'a': 'HELLO', ...})   {97: 'HELLO', 98: None, 99: 'z'}

     The third argument is not a third feature: it adds the same
     keys with None as the value. And the one-argument form is the
     only one that keeps values as strings -- it is barely a
     conversion, it just turns any str keys into their ordinals.

2. A VALUE MAY BE A STRING OF ANY LENGTH, OR None
     value        table                        'a-b-c' becomes
     --------------------------------------------------------------
     one char     {97: 'A'}                    'A-b-c'
     many chars   {97: 'ALPHA'}                'ALPHA-b-c'
     empty str    {97: ''}                     '-b-c'
     None         {97: None}                   '-b-c'
     an ordinal   {97: 65}                     'A-b-c'

     Expand and delete in the same call: {97: 'ALPHA', 45: None}
       'a-b-c'.translate(...)  ->  'ALPHAbc'

     No other str method does both in one call. replace() can
     grow a string, and replace('x', '') can shrink one, but a
     call handles exactly one pattern. Here 'a' grew to five
     characters and '-' vanished, in one walk over the input.

3. ONE PASS, WHICH IS WHAT CHAINED replace() IS NOT
     Swap two characters. It cannot be done with replace at all:
       'ab'.replace('a', 'b').replace('b', 'a')   'aa'
       'ab'.translate(maketrans('ab', 'ba'))      'ba'

     The first call's output is the second call's input, so every
     'a' becomes 'b' and then every 'b' -- including the new ones --
     becomes 'a'. Shift three letters by one and all three collapse:
       'abc' through three replaces             'ddd'
       'abc'.translate(maketrans(abc, bcd))     'bcd'

     The real-world shape of this is HTML escaping:
       raw                              '<a>&'
       .replace('<',..).replace('&',..) '&amp;lt;a>&amp;'   <- doubly escaped
       .replace('&',..).replace('<',..) '&lt;a>&amp;'
       .translate(table)                '&lt;a&gt;&amp;'

     Two replaces, two answers, and only one order is right. The
     stdlib's own html.escape does it with chained replaces and
     carries a comment on the first line saying it must go first.
     With a table there is no first line: no character is ever
     looked at twice, so there is no order to get wrong.

4. THE TABLE ONLY HAS TO ANSWER __getitem__
     translate() indexes the table with an int and catches
     LookupError. Nothing else is required -- not dict, not even
     a mapping.

     dict subclass, __missing__ -> '#'    'ab1 2c'
                                          -> '### ##'
     dict subclass, __missing__ -> None   '4111-1111 1111 1111 (Visa)'
                                          -> '4111-111111111111'
     defaultdict(lambda: '')              '4111-1111 1111 1111 (Visa)'
                                          -> '4111111111111111'
     a class with only __getitem__        'abc'
                                          -> 'AAAbc'
     a 128-element list                   'abc'
                                          -> 'AAAbc'

     The second and third do the same job two ways: keep a listed
     alphabet, drop everything else, in one pass and with no regex.
     That is the shape __missing__ is for -- 'map everything I did
     not list to X' is one method, not a loop over the code space.

     A LookupError from the table means 'leave this character
     alone'. KeyError and IndexError are both LookupError, so both
     mean identity; anything else propagates:
       __getitem__ raises KeyError     LookupError  'abc'
       __getitem__ raises IndexError   LookupError  'abc'
       __getitem__ raises LookupError  LookupError  'abc'
       __getitem__ raises ValueError   -            raised ValueError

     And that is why a str is a legal table and a silent no-op:
       'abc'.translate('xyz')     'abc'
     'xyz'[97] raises IndexError, which means 'leave it alone',
     three times. No error, no change, no warning.
       'abc'.translate('x' * 200) 'xxx'
     Same call, longer string, and now the indexes land.

5. WHAT THE TABLE MAY NOT RETURN
     A value is an int, a str, or None. Two failures, by type:
       value a float    TypeError
       value a list     TypeError
       value 0x110000   ValueError
       value -1         ValueError

     An int value is a code point, so it must be one: the ceiling
     is 0x110000 and there is no negative half of the code space.
     maketrans has two of its own, both ValueError -- unequal
     lengths in the two-argument form, and a str key that is not
     exactly one character in the one-argument form.
       maketrans('ab', 'xyz')   ValueError
       maketrans({'ab': 'x'})   ValueError

6. ABOVE THE BMP: ONE KEY PER CODE POINT
     text                           'x𝄞y'   len 3
     U+1D11E as an ordinal          119070  (0x1D11E)
     translate({0x1D11E: 'CLEF'})   'xCLEFy'
     translate({0x1D11E: None})     'xy'
     maketrans(CLEF, 'x')           {119070: 120}

     keyed by the UTF-16 halves     {55348: 'HI', 56606: 'LO'}
       -> 'x𝄞y'   <- nothing happened

     A Python str is a sequence of code points, not of UTF-16 code
     units, so an astral character is one key and one length-1
     lookup. The surrogate ordinals 0xD834 and 0xDD1E are simply
     not present in the string. In a language whose char is 16
     bits this same substitution is two lookups and a pair to keep
     together.

7. bytes.translate IS A DIFFERENT METHOD
     bytes.maketrans(b'abc', b'xyz')  bytes, len 256
     bytes 95..100 of it              b'_`xyzd'

     Not a dict of the three keys you asked for: a 256-byte
     lookup table, every byte value pre-filled with itself and
     three of them overwritten. Byte 97 now holds 120.

     b'abcd'.translate(bt)            b'xyzd'
     b'abcd'.translate(bt, b'd')      b'xyz'
     b'abcd'.translate(None, b'bd')   b'ac'

     Deletion is a second positional argument, not a None value,
     because a byte table has no room for one. And the table can
     be None on its own, which makes the call pure deletion --
     a spelling str.translate does not have.

     The two signatures side by side:
       str  .translate(table)                 table[ordinal] -> int|str|None
       bytes.translate(table, delete=b'')     a 256-byte sequence, or None

       b'a'.translate(bytes(255))   ValueError
       b'a'.translate({97: b'X'})   TypeError
       'a'.translate(bytes(256))    '\x00'

     A dict is not a bytes-like object, and 255 is not 256. The
     last row is the one that surprises: bytes(256) is a valid
     table for bytes and a legal, useless one for str -- 256 zero
     bytes indexed at 97 gives 0, so every ASCII character maps to
     the null character instead of raising.
