     written          len  value              why
     ------------------------------------------------------------------------------
     '\xA1A'            2  '¡A'               \x is exactly two digits, always
     '\1010'            2  'A0'               octal is greedy: it took three
     '\d'               2  '\\d'              unknown escape -- the backslash is KEPT
     '\b'               1  '\x08'             known escape -- BACKSPACE, U+0008
     r'\u0041'          6  '\\u0041'          raw: not an escape at all
     b'\u0041'          6  b'\\u0041'         bytes: a byte has no code point
     'spam' 'eggs'      8  'spameggs'         adjacent literals join at compile time
     '\0'               1  '\x00'             octal zero, not a special NUL escape

     Two escapes, two widths, one grammar. Python has exactly one
     fixed-width numeric escape and one greedy one, and the greedy
     one is the one nobody writes on purpose. If you write octal at
     all, write all three digits.

     WHICH ONE BREAKS A REGULAR EXPRESSION?
     pattern written  '\bfoo\b'   subject 'a foo b'
       cooked -> '\x08foo\x08'  re.search -> None
       raw    -> '\\bfoo\\b'    re.search -> (2, 5)

     '\d', '\w', '\s', '\A' and '\Z' all reach re intact --
     purely because Python did not recognise them and left the
     backslash alone. '\b' is the exception, and it is the one
     every real pattern uses: Python claims it for BACKSPACE, so the
     cooked pattern asked for a backspace character on both sides of
     'foo'. It found nothing and it raised nothing. That is the
     actual reason regex patterns are written r'' -- not style, and
     not about the backslashes you can see.

     THE ONE THAT IS NOT A LITERAL AT ALL
     Line 7. 'spam' 'eggs' is one string, joined by the COMPILER,
     with no '+' and no run-time cost. The price is what a missing
     comma does to a list:
     ['spam', 'eggs' 'beans', 'toast']  ->  ['spam', 'eggsbeans', 'toast']
     len is 3, and nobody typed a concatenation. Not a syntax
     error -- a shorter list. Linters look for it because the
     language cannot.

     FIVE SPELLINGS OF ONE CODE POINT
     'é'
     '\xe9'
     '\u00e9'
     '\U000000e9'
     '\N{LATIN SMALL LETTER E WITH ACUTE}'
     all five are the same one-character string: True
     U+00E9 is a sixth notation and it is NOT Python syntax -- it is
     the Unicode standard NAMING the code point. Same number, three
     jobs, and only two of the three are code.
