1. THE DEFAULT IS ONE OBJECT, MADE WHEN def RAN
     def add(item, acc=[]): acc.append(item); return acc
     add(1)                                   [1]
     add(2)                                   [1, 2]         the same list, still holding the first call's item
     add(3)                                   [1, 2, 3]
     add.__defaults__                         ([1, 2, 3],)   where the one list lives
     add(4, [])                               [4]            a list you pass is yours; only the default is shared
     add.__defaults__                         ([1, 2, 3],)   and the default did not change

2. WHEN THE DEFAULT IS EVALUATED
     def stamp(n=next(count)): return n
     stamp()                                  1
     stamp()                                  1              evaluated once, at def -- not once per call
     next(count)                              2              the counter moved once, when def ran

3. THE IDIOM: None MEANS 'MAKE A NEW ONE'
     def add2(item, acc=None):
         if acc is None:
             acc = []
         acc.append(item)
         return acc
     add2(1)                                  [1]
     add2(2)                                  [2]            a fresh list per call

4. A DEFAULT THAT CANNOT CHANGE IS SAFE
     def tally(item, seen=()): return seen + (item,)
     tally(1)                                 (1,)
     tally(2)                                 (2,)           + built a new tuple; the default is still ()
     tally.__defaults__                       ((),)

5. A DATACLASS REFUSES THE TRAP, AND NAMES THE FIX
     @dataclass                               ValueError
     class Bag:
         items: list = []
     @dataclass
     class Bag:
         items: list = field(default_factory=list)
     b1, b2 = Bag(), Bag()
     b1.items is b2.items                     False          default_factory ran once per instance

6. THE SAME FACT, USED ON PURPOSE
     fs = [lambda: i for i in range(3)]
     [f() for f in fs]                        [2, 2, 2]      each lambda reads i when called, and i ended at 2
     fs = [lambda i=i: i for i in range(3)]
     [f() for f in fs]                        [0, 1, 2]      a default is computed when the lambda is made
     def fib(n, memo={}):
         if n < 2:
             return n
         if n not in memo:
             memo[n] = fib(n - 1) + fib(n - 2)
         return memo[n]
     fib(30)                                  832040
     len(fib.__defaults__[0])                 29             the default is the cache, and it outlives the call
