1. WHAT IS ACTUALLY FORBIDDEN IN A NAME
     byte values a POSIX name component may not contain: 2 of 256
     they are: [0, 47]  =  '/' and NUL
     Everything else is legal. Not 'legal text' -- legal.

2. SO A NAME NEED NOT BE TEXT AT ALL
     raw name from the kernel   b'caf\xe9'
     sys.getfilesystemencoding()  'utf-8'  errors='surrogateescape'
     os.fsdecode(raw)           'caf\udce9'
     U+DCE9 is a lone surrogate -- a code point with no character,
     parked there to hold byte 0xE9 until someone asks for it back.

3. THE ROUND TRIP THAT IS GUARANTEED
     fsencode(fsdecode(b)) == b   for 256 of 256 possible bytes
     That is the whole promise: no name is lost by being decoded.

4. BUT THAT STR IS NOT A STRING YOU CAN USE
     name.encode('utf-8')       raises UnicodeEncodeError
     Path(name)                 'caf\udce9'
     pathlib holds a str, so it holds the surrogate too. open() and
     os.stat() take it happily -- print(), json.dumps() and a socket
     do not. The name is safe to *use* and unsafe to *display*.

5. AND 'THE SAME NAME' IS A FILESYSTEM'S OPINION
     nfc  'café'       4 code points  636166c3a9
     nfd  'café'      5 code points  63616665cc81
     nfc == nfd                 False
     Two different byte strings. Whether they name two different files
     is not Python's decision and not POSIX's -- see the table on the
     page: one filesystem says yes, another says no.
