1. THE ALIAS
     frozen        b'abcd'
     alias_frozen  b'abc'               <- unchanged
     buf           bytearray(b'abcd')
     alias_buf     bytearray(b'abcd')   <- changed, and nobody touched it

     += is not one operation. On bytes it BUILDS a new object and
     rebinds your name; every other name still points at the old
     value. On bytearray it EDITS the object all of those names are
     looking at. Same operator, two mechanisms.
     alias_buf is buf   True

2. THE LENGTH YOU MEASURED A LINE AGO
     buf            bytearray(b'abcd')   len 4
     buf[0:2] = b'XYZ'   -> bytearray(b'XYZcd')   len 5

     Two bytes out, three in, and the buffer grew. Slice assignment
     resizes -- which a fixed-length byte array in Java, C or
     JavaScript cannot do, and which means len() is not a property
     of the buffer you can cache.

3. THE LOOKUP THAT RAISES
     bytearray(b'key') == b'key'   True
     table[bytearray(b'key')]      raises TypeError

     Equal, and only one of them can be a dict key. This is not
     'the key is missing' -- it is 'that object cannot be a key at
     all', which is why it raises instead of returning a default.
     A hash is a promise about future comparisons, and a buffer you
     can edit cannot make it. Same bargain as tuple against list.
     .get() does not save you either:
     table.get(bytearray(b'key'))  raises TypeError

4. THE CONSTRUCTOR IT INHERITED
     bytearray(2)       bytearray(b'\x00\x00')   len 2
     bytearray([2])     bytearray(b'\x02')       len 1
     bytearray(b'2')    bytearray(b'2')          len 1

     The same four-job dispatch bytes() has: a number is a SIZE, a
     list is data, and b'2' is the digit -- the byte 0x32, not 2.
     Three spellings, three different buffers, and only one of them
     holds anything you typed.

5. WHICH OF THE FOUR ANSWERS THE 'WHY DOES IT EXIST' QUESTION?
     Section 1. Everything else on this page is a consequence of
     one capability: something that is not you can write into the
     buffer. readinto, recv_into and pack_into need a buffer the
     caller owns and the callee may fill, and that is the job the
     type was added for. Being able to edit it yourself is the
     means, not the point -- and the hash in section 3 is the price.
