1. THE BUG, IN ONE LINE
     line                          'Arthur: three!'
     line.lstrip('Arthur: ')       'ee!'   <- not what anyone meant
     line.removeprefix('Arthur: ') 'three!'

     The 'thr' went with it. lstrip did not look for the prefix at
     all -- it was handed a bag of characters and it ate every
     leading character that was in the bag.

2. THE ARGUMENT IS A SET, SO ORDER AND REPEATS MEAN NOTHING
     'Arthur: ' as a set   ' ' ':' 'A' 'h' 'r' 't' 'u'
     8 characters, 7 distinct

     Scanning from the left, stopping at the first character not in the bag:
        0  'A'   in the bag, eaten
        1  'r'   in the bag, eaten
        2  't'   in the bag, eaten
        3  'h'   in the bag, eaten
        4  'u'   in the bag, eaten
        5  'r'   in the bag, eaten
        6  ':'   in the bag, eaten
        7  ' '   in the bag, eaten
        8  't'   in the bag, eaten
        9  'h'   in the bag, eaten
       10  'r'   in the bag, eaten
       11  'e'   NOT in the bag -- stop

     Every spelling of the same set does the same thing:
       lstrip('Arthur: '    ) -> 'ee!'
       lstrip(' :Arthu'     ) -> 'ee!'
       lstrip('rrrAAA uth:' ) -> 'ee!'
       lstrip(' :Ahrtu'     ) -> 'ee!'

3. THREE DIFFERENCES, NOT ONE
     They are usually described as 'set vs prefix'. There are three,
     and each one can bite on its own.

                      lstrip(x)          removeprefix(x)    the difference
     --------------------------------------------------------------------------------
     'aaab', 'a'      'b'                'aab'              repeats vs once
     'ababX', 'ab'    'X'                'abX'              set vs whole string
     'three!', 'Q: '  'three!'           'three!'           no match: both silent

     (a) lstrip repeats until it stops matching; removeprefix runs once.
     (b) lstrip splits its argument into characters; removeprefix does not.
     (c) neither says anything when there was nothing to remove -- the
         string comes back unchanged and you cannot tell the two cases
         apart from the result. That is the third difference, and it is
         the one both of them share.

4. THE DOCS' OWN EXAMPLE, AND ONE THAT LOOKS SAFE
     'www.example.com'.strip('cmowz.')   'example'
     -- six characters, both ends, and 'example' survives because
        'e', 'x', 'a', 'p' and 'l' are not in the bag.

     Now the one people actually write, to drop a file extension:
       'report.txt'   .rstrip('.txt') -> 'repor'      removesuffix -> 'report'
       'data.txt'     .rstrip('.txt') -> 'data'       removesuffix -> 'data'
       'text.txt'     .rstrip('.txt') -> 'te'         removesuffix -> 'text'
       'extract.txt'  .rstrip('.txt') -> 'extrac'     removesuffix -> 'extract'

     One of the four is right, and it is right by accident: 'data'
     happens to end in a letter that is not in the bag. That is the
     worst possible outcome -- it passes whichever example you tried
     first, and fails on a filename you have not seen yet.

5. NO ARGUMENT MEANS str.isspace(), WHICH IS WIDER THAN 'SPACE'
     code points where str.isspace() is True:   29
       Cc  10   U+0009 U+000A U+000B U+000C U+000D U+001C U+001D U+001E U+001F U+0085
       Zl   1   U+2028
       Zp   1   U+2029
       Zs  17   U+0020 U+00A0 U+1680 U+2000 U+2001 U+2002 U+2003 U+2004 U+2005 U+2006
                U+2007 U+2008 U+2009 U+200A U+202F U+205F U+3000

     '\x1cshouting into the void\u2028'.strip()
       -> 'shouting into the void'
     A file separator and a LINE SEPARATOR, both stripped, neither of
     them a space. strip() with no argument means 'everything that
     str.isspace() calls whitespace': the ten line boundaries, the
     tab, the unit separator and seventeen space characters -- not
     the four you can type on a keyboard.

     'abc'.strip('')     'abc'   <- an empty bag removes nothing
     'abc'.strip(None)   'abc'   <- None is the same as no argument

6. bytes HAS THE SAME FIVE, AND THE SAME TRAP
     raw                            b'Arthur: three!'
     raw.lstrip(b'Arthur: ')        b'ee!'
     raw.removeprefix(b'Arthur: ')  b'three!'

     Same five methods, same semantics, one difference: on bytes the
     'set' is a set of byte VALUES, so a multi-byte character in the
     argument becomes several independent bytes in the bag.
     'Zubr: 3' with Z-dot, encoded  b'\xc5\xbbubr: 3'
     .lstrip('Ż'.encode())          b'ubr: 3'
     Two bytes went into the bag and both were eaten, which happens
     to be right here -- and would not be if either byte turned up
     on its own inside a different character.
