     the grammar:  [[fill]align][sign][z][#][0][width][grouping][.precision][type]

     slot                   call                         result          note
     --------------------------------------------------------------------------------------------------------
     fill + align           format(42, '*^12')           '*****42*****'  the fill goes BEFORE the align
     sign                   format(42, '+d')             '+42'           '+' always, '-' only negatives, ' ' pads
     z                      format(-0.4, 'z.0f')         '0'             PEP 682: coerce a negative zero, after rounding
     # alt + 0 pad          format(255, '#010b')         '0b11111111'    the 0b counts toward the ten
     0 before width         format(42, '+08,d')          '+000,042'      NOT fill -- it means 'pad after the sign'
     width                  format(42, '8')              '      42'      a str would left-align in the same eight
     grouping               format(1234567, '_d')        '1_234_567'     ',' and '_' are Python's own, and fixed
     .precision on a float  format(3.14159, '.3f')       '3.142'         three places, rounded
     .precision on a str    format('truncated', '.3')    'tru'           a TRUNCATION, not a rounding

     THE TWO THAT ARE NOT WHAT THEY LOOK LIKE
     '0' before the width is not 'fill with zeros' -- fill is the
     separate FIRST slot. It is a flag meaning 'pad after the sign',
     which is why the zeros land between the + and the 42:
       format(42, '+08,d')      '+000,042'
       format(42, '08,d')       '0,000,042'
       format(42, '0^8,d')      '00042000'
     The third one puts '0' in the FILL slot and '^' in the align
     slot, so it is a different spec that happens to use the same
     character.

     One consequence worth having met before it surprises you: with
     grouping on, zero-padding rounds UP to a well-formed group,
     because no group may begin with a separator. So three of these
     nine widths come back one character longer than asked:
       format(42, '04,d'   ) 0,042          len  5  <- wider than the width
       format(42, '05,d'   ) 0,042          len  5
       format(42, '06,d'   ) 00,042         len  6
       format(42, '07,d'   ) 000,042        len  7
       format(42, '08,d'   ) 0,000,042      len  9  <- wider than the width
       format(42, '09,d'   ) 0,000,042      len  9
       format(42, '010,d'  ) 00,000,042     len 10
       format(42, '011,d'  ) 000,000,042    len 11
       format(42, '012,d'  ) 0,000,000,042  len 13  <- wider than the width

     And .precision on a str truncates. It does not round, it does
     not warn, and it silently shortens data in a report:
       format('truncated', '.3')    'tru'
       format(3.14159, '.3')        '3.14'

     THE SPEC READ BACKWARDS
     Given the output, write the spec. One answer each:
       value      wanted          spec         got             match
       --------------------------------------------------------------
       1234567    1_234_567|      '_d'         1_234_567|      True
       255        0b11111111|     '#010b'      0b11111111|     True
       3.14159    ***+3.142***|   '*^+12.3f'   ***+3.142***|   True
       42               42|       '8'                42|       True
       (the | marks the end of the field, so the padding is visible)

     THE NUMBERING THAT RAISES
     '{} and {}'.format('spam', 'eggs')       'spam and eggs'        automatic: a counter
     '{1} and {0}'.format('spam', 'eggs')     'eggs and spam'        manual: reorder freely
     '{0} and {0}'.format('spam', 'eggs')     'spam and spam'        manual: reuse freely
     '{} and {0}'.format('spam', 'eggs')      raises ValueError      mixed -- and this is the one

     Automatic numbering is a counter, so it can only count forwards.
     The moment one field names its argument the counter has nothing
     sensible to do, and Python refuses rather than guessing. Omitting
     ALL the numbers is fine; omitting SOME of them is an error.

     ROUNDING, AND THE MINUS SIGN THAT IS NOT A NEGATIVE NUMBER
        value     .1f   z.1f    .0f   z.0f
     ------------------------------------------
         -0.0    -0.0     0.0      -0       0
        -0.04    -0.0     0.0      -0       0
         -0.4    -0.4    -0.4      -0       0
          0.4     0.4     0.4       0       0
         -1.5    -1.5    -1.5      -2      -2
          2.5     2.5     2.5       2       2
          3.5     3.5     3.5       4       4

     Rounding happens BEFORE the sign is chosen, so a number that is
     merely small and negative prints as '-0'. In a column of results
     that reads as a distinct value and it is not one -- and no
     comparison will find it for you: -0.0 == 0.0 is True.
     The last two rows are a second surprise from the same column:
     2.5 formats as 2 and 3.5 as 4. Formatting rounds half to even,
     like round(), and not the way you were taught at school.

     THE FOUR DOORS ARE ONE CALL
     f-string             '***+3.142***'
     str.format           '***+3.142***'
     format() builtin     '***+3.142***'
     __format__ direct    '***+3.142***'
     all four identical: True
     f-strings and str.format both compile down to format(), which
     hands the text after the colon to the object's own __format__.
     So the spec is not parsed by the language -- it is a string
     handed to a type, and the type may mean anything by it. That is
     why f'{now:%Y-%m-%d}' works without Python knowing what %Y is.
