1. FOUR ANSWERS TO 'HOW LONG IS THIS?'
     sample              chars  utf-8  utf-16  graphemes
                        points  bytes   units    (human)
     ----------------------------------------------------
     plain ASCII             4      4       4          4
     NFC - one char          4      5       4          4
     NFD - two chars         5      6       5          4
     Polish                  6     10       6          6
     emoji                   1      4       2          1
     flag                    2      8       4          2
     family                  5     18       8          1

     Read the 'family' row: one thing on your screen, five code points,
     eighteen UTF-8 bytes. Every column is a legitimate answer to a
     different question, and no single method answers more than one.

2. WHERE RUST AND PYTHON PART COMPANY: len()
     text                      "Zażółć"
     text.len()                10   <- BYTES. Python's len() says 6.
     text.chars().count()       6   <- code points. This is Python's len().

     Same spelling, different question. Rust names the cheap answer
     len() because it is O(1); counting chars is a walk. Python names
     the useful answer len() and makes you ask for bytes. Neither is
     hiding anything -- but code translated between them silently
     changes meaning, and only for non-ASCII input.

3. THE TRAP THAT LOOKS LIKE A BUG
     nfc = "café"   chars = 4
     nfd = "cafe\u{301}"   chars = 5
     they print identically:      café == café
     nfc == nfd                   false

     Now the part std cannot do: there is no normalize() in Rust's
     standard library. Python fixes this in one call; Rust needs the
     unicode-normalization crate. std ships UTF-8 correctness, not
     the Unicode character database -- casing and is_whitespace are
     in, normalization and segmentation are out.

4. WHAT wc COUNTS, AND WHICH METHOD MATCHES IT
     text  = "Zażółć gęślą jaźń\n"
     bytes = 27   <- wc -c   text.len()
     chars = 18   <- wc -m   text.chars().count()
     words = 3    <- wc -w   text.split_whitespace().count()
     lines = 1    <- wc -l   counts NEWLINES, not lines

     wc -c and wc -m differ by 9 here, and a wc that only reads bytes
     cannot tell you the second number at all.

5. THE LINE COUNT IS A NEWLINE COUNT
     with trailing \n   "a\nb\n"   matches('\n') = 2   but there are 2 lines
     without            "a\nb"     matches('\n') = 1   but there are 2 lines

     Rust's .lines() is Python's .splitlines(): it answers the question
     a person asked, while wc -l and a newline count answer a different
     one. They agree only when the file ends in a newline.

6. split_whitespace() IS NOT A WORD DEFINITION
     "one  two"                 ->  2 ["one", "two"]
     "hyphen-ated"              ->  1 ["hyphen-ated"]
     "don't"                    ->  1 ["don't"]
     "łódź\u{a0}łódź"           ->  2 ["łódź", "łódź"]

     The last one holds a NO-BREAK SPACE (U+00A0). Rust's is_whitespace
     uses the Unicode White_Space property, which includes it -- so Rust
     and Python agree here, and both disagree with a tool that splits on
     ASCII space alone. 'Word' is a policy, not a fact.
